[log] 运行日志写入: log/run_ACM_20260901_161215.log
[config] cand_sources=embed num_cand_per_node=5 cand_label_mode=soft cand_dist_k=16 cand_dist_tau=0.2 lambda_cand_bce=0.0 lambda_ic_spnm=0.0 ic_spnm_pos=20 ic_spnm_neg=256 ic_spnm_hard_pool=2048 ic_spnm_pos_mode=neighbor ic_spnm_frontier_ratio=0.5 ic_spnm_frontier_hops=2 lambda_ilssc=0.0 ilssc_seed_size=8 ilssc_neg=256 ilssc_hard_pool=2048 ilssc_hops=2 ilssc_neg_mode=conservative ilssc_gate_mode=prior ilssc_high_order_beta=0.0 ilssc_warmup=0 ilssc_ramp=0 ilssc_use_intent_dist=False intent_dist_k=16 intent_dist_tau=0.2 intent_dist_beta=0.5 intent_dist_proto_mode=random intent_dist_stable=False intent_dist_update_interval=10 intent_dist_ema=0.7 intent_dist_anchor_pool=0 intent_dist_conf_tau=0.05 intent_dist_min_conf=0.0 relation_fusion=icra cs_topk=(10, 20, 50, 'oracle') cs_w_list=(0.0, 0.1, 0.2, 0.3, 0.5, 0.7, 1.0, 1.5, 2.0) greedy_patience=0 greedy_min_gain_tol=0.0 greedy_size_penalty=0.0 greedy_balance_alpha=0.15 greedy_max_size=0 greedy_adaptive_cap_alpha=0.0 greedy_adaptive_cap_floor=0 greedy_trace_cap_ratio=1.5 trace_early_stop_w=None frontier_batch_size=1 greedy_connectivity_boost=0.0 greedy_select_mode=first_drop greedy_init_seed_size=1 greedy_init_seed_hops=1 greedy_init_seed_conn_beta=0.3 greedy_high_order_beta=0.0 greedy_comm_cohesion_beta=0.0 greedy_comm_direct_beta=0.0 greedy_boundary_gamma=0.0 greedy_hse_pool_size=0 greedy_hse_normalize=False greedy_hse_density=False greedy_recall_expand_size=0 greedy_recall_min_sim_delta=0.0 acs_seed_topk=0 acs_rec_radius=2 acs_anomaly_boost=0.0 include_query_in_pred=False eval_perturb=none:0.0 model_name=None seed=123
Using CPU
Using GPU: NVIDIA GeForce RTX 3090
  [cs_full_graph] ACM: merged ['pap.npz', 'psp.npz'] -> 4359766 directed edges (no sparsify)
/root/miniconda3/lib/python3.8/site-packages/scipy/sparse/_index.py:146: SparseEfficiencyWarning: Changing the sparsity structure of a csr_matrix is expensive. lil_matrix is more efficient.
  self._set_arrayXarray(i, j, x)
  [sparsify] psp.npz: 4338213 -> 344296 edges (avg_deg 1079 -> 86, top-k=50)
[data] 多关系 R=2: pap(53834 edges), psp(344296 edges)
[data] Graph size: 4019 nodes, 53834 edges
[data] GPU memory: 25.3 GB
[data] Using high-memory thresholds (80K nodes, 500K edges)
[intent] source=random, dim=256
[encoder] MultiRelation+ICRA  R=2 hii_heads=4 icra_heads=4 icra_dim=128
(T) | Epoch=001, loss=10.3013, con=8.9049, intent=4.9206, rec=0.0201, this epoch 1.6603, total 1.6603  alpha=[pap:0.491, psp:0.509]
(T) | Epoch=002, loss=9.9549, con=8.9377, intent=3.9175, rec=0.0118, this epoch 1.2854, total 2.9457
(T) | Epoch=003, loss=9.8034, con=8.9326, intent=3.4621, rec=0.0050, this epoch 1.2566, total 4.2023
(T) | Epoch=004, loss=9.6809, con=8.9122, intent=3.1407, rec=0.0049, this epoch 1.2581, total 5.4604
(T) | Epoch=005, loss=9.5727, con=8.8747, intent=2.9169, rec=0.0041, this epoch 1.2736, total 6.7340
Traceback (most recent call last):
  File "train_ig.py", line 1903, in <module>
    z_adv, z_rec, reg, fea_up, fea_lo, _ = build_views(
  File "train_ig.py", line 1808, in _build_views_multi
    _, zr, alpha = cont_m.encoder.encode_per_relation(
  File "/root/IG-ACS/multi_relation_fusion.py", line 186, in encode_per_relation
    zs.append(self.encoders[r](x, edge_index_list[r], ew, intent))
  File "/root/miniconda3/lib/python3.8/site-packages/torch/nn/modules/module.py", line 1553, in _wrapped_call_impl
    return self._call_impl(*args, **kwargs)
  File "/root/miniconda3/lib/python3.8/site-packages/torch/nn/modules/module.py", line 1562, in _call_impl
    return forward_call(*args, **kwargs)
  File "/root/IG-ACS/hii_gnn.py", line 146, in forward
    h = _local_forward(x)
  File "/root/IG-ACS/hii_gnn.py", line 138, in _local_forward
    return self.activation(self.local(inp, edge_index, edge_weight, intent_h))
  File "/root/miniconda3/lib/python3.8/site-packages/torch/nn/modules/module.py", line 1553, in _wrapped_call_impl
    return self._call_impl(*args, **kwargs)
  File "/root/miniconda3/lib/python3.8/site-packages/torch/nn/modules/module.py", line 1562, in _call_impl
    return forward_call(*args, **kwargs)
  File "/root/IG-ACS/hii_gnn.py", line 53, in forward
    out = self.conv(h, edge_index, edge_weight)
  File "/root/miniconda3/lib/python3.8/site-packages/torch/nn/modules/module.py", line 1553, in _wrapped_call_impl
    return self._call_impl(*args, **kwargs)
  File "/root/miniconda3/lib/python3.8/site-packages/torch/nn/modules/module.py", line 1562, in _call_impl
    return forward_call(*args, **kwargs)
  File "/root/miniconda3/lib/python3.8/site-packages/torch_geometric/nn/conv/gcn_conv.py", line 263, in forward
    out = self.propagate(edge_index, x=x, edge_weight=edge_weight)
  File "/tmp/torch_geometric.nn.conv.gcn_conv_GCNConv_propagate_pruhusgi.py", line 245, in propagate
    out = self.aggregate(
  File "/root/miniconda3/lib/python3.8/site-packages/torch_geometric/nn/conv/message_passing.py", line 594, in aggregate
    return self.aggr_module(inputs, index, ptr=ptr, dim_size=dim_size,
  File "/root/miniconda3/lib/python3.8/site-packages/torch_geometric/experimental.py", line 117, in wrapper
    return func(*args, **kwargs)
  File "/root/miniconda3/lib/python3.8/site-packages/torch_geometric/nn/aggr/base.py", line 131, in __call__
    return super().__call__(x, index=index, ptr=ptr, dim_size=dim_size,
  File "/root/miniconda3/lib/python3.8/site-packages/torch/nn/modules/module.py", line 1553, in _wrapped_call_impl
    return self._call_impl(*args, **kwargs)
  File "/root/miniconda3/lib/python3.8/site-packages/torch/nn/modules/module.py", line 1562, in _call_impl
    return forward_call(*args, **kwargs)
  File "/root/miniconda3/lib/python3.8/site-packages/torch_geometric/nn/aggr/basic.py", line 22, in forward
    return self.reduce(x, index, ptr, dim_size, dim, reduce='sum')
  File "/root/miniconda3/lib/python3.8/site-packages/torch_geometric/nn/aggr/base.py", line 185, in reduce
    return scatter(x, index, dim, dim_size, reduce)
  File "/root/miniconda3/lib/python3.8/site-packages/torch_geometric/utils/_scatter.py", line 75, in scatter
    return src.new_zeros(size).scatter_add_(dim, index, src)
KeyboardInterrupt
