[log] 运行日志写入: log/run_ACM_20260901_104534.log
[config] cand_sources=embed num_cand_per_node=5 cand_label_mode=soft cand_dist_k=16 cand_dist_tau=0.2 lambda_cand_bce=0.0 lambda_ic_spnm=0.0 ic_spnm_pos=20 ic_spnm_neg=256 ic_spnm_hard_pool=2048 ic_spnm_pos_mode=neighbor ic_spnm_frontier_ratio=0.5 ic_spnm_frontier_hops=2 lambda_ilssc=0.0 ilssc_seed_size=8 ilssc_neg=256 ilssc_hard_pool=2048 ilssc_hops=2 ilssc_neg_mode=conservative ilssc_gate_mode=prior ilssc_high_order_beta=0.0 ilssc_warmup=0 ilssc_ramp=0 ilssc_use_intent_dist=False intent_dist_k=16 intent_dist_tau=0.2 intent_dist_beta=0.5 intent_dist_proto_mode=random intent_dist_stable=False intent_dist_update_interval=10 intent_dist_ema=0.7 intent_dist_anchor_pool=0 intent_dist_conf_tau=0.05 intent_dist_min_conf=0.0 relation_fusion=icra cs_topk=(10, 20, 50, 'oracle') cs_w_list=(0.0, 0.1, 0.2, 0.3, 0.5, 0.7, 1.0, 1.5, 2.0) greedy_patience=0 greedy_min_gain_tol=0.0 greedy_size_penalty=0.0 greedy_balance_alpha=0.15 greedy_max_size=0 greedy_adaptive_cap_alpha=0.0 greedy_adaptive_cap_floor=0 greedy_trace_cap_ratio=1.5 trace_early_stop_w=None frontier_batch_size=1 greedy_connectivity_boost=0.0 greedy_select_mode=first_drop greedy_init_seed_size=1 greedy_init_seed_hops=1 greedy_init_seed_conn_beta=0.3 greedy_high_order_beta=0.0 greedy_comm_cohesion_beta=0.0 greedy_comm_direct_beta=0.0 greedy_boundary_gamma=0.0 greedy_hse_pool_size=0 greedy_hse_normalize=False greedy_hse_density=False greedy_recall_expand_size=0 greedy_recall_min_sim_delta=0.0 acs_seed_topk=0 acs_rec_radius=2 acs_anomaly_boost=0.0 include_query_in_pred=False eval_perturb=none:0.0 model_name=None seed=123
Using CPU
Using GPU: NVIDIA GeForce RTX 3090
  [cs_full_graph] ACM: merged ['pap.npz', 'psp.npz'] -> 4359766 directed edges (no sparsify)
[data] Graph size: 4019 nodes, 53834 edges
[data] GPU memory: 25.3 GB
[data] Using high-memory thresholds (80K nodes, 500K edges)
[intent] source=random, dim=256
[encoder] vanilla SAGEConv
Traceback (most recent call last):
  File "train_ig.py", line 1903, in <module>
    z_adv, z_rec, reg, fea_up, fea_lo, _ = build_views(
  File "train_ig.py", line 1748, in _build_views_single
    info = adv_m(data.x, data.edge_index, ones, intent)
  File "/root/miniconda3/lib/python3.8/site-packages/torch/nn/modules/module.py", line 1553, in _wrapped_call_impl
    return self._call_impl(*args, **kwargs)
  File "/root/miniconda3/lib/python3.8/site-packages/torch/nn/modules/module.py", line 1562, in _call_impl
    return forward_call(*args, **kwargs)
  File "/root/IG-ACS/ig_model.py", line 343, in forward
    z = self.encoder(x, edge_index, edge_weight, intent_vector)
  File "/root/miniconda3/lib/python3.8/site-packages/torch/nn/modules/module.py", line 1553, in _wrapped_call_impl
    return self._call_impl(*args, **kwargs)
  File "/root/miniconda3/lib/python3.8/site-packages/torch/nn/modules/module.py", line 1562, in _call_impl
    return forward_call(*args, **kwargs)
  File "/root/IG-ACS/model.py", line 118, in forward
    x = _layer_forward(x, edge_weight)
  File "/root/IG-ACS/model.py", line 104, in _layer_forward
    out = conv(inp, edge_index, ew)
  File "/root/miniconda3/lib/python3.8/site-packages/torch/nn/modules/module.py", line 1553, in _wrapped_call_impl
    return self._call_impl(*args, **kwargs)
  File "/root/miniconda3/lib/python3.8/site-packages/torch/nn/modules/module.py", line 1562, in _call_impl
    return forward_call(*args, **kwargs)
  File "/root/miniconda3/lib/python3.8/site-packages/torch_geometric/nn/conv/sage_conv.py", line 134, in forward
    out = self.propagate(edge_index, x=x, size=size)
  File "/tmp/torch_geometric.nn.conv.sage_conv_SAGEConv_propagate_1u96_o_c.py", line 173, in propagate
    kwargs = self.collect(
  File "/tmp/torch_geometric.nn.conv.sage_conv_SAGEConv_propagate_1u96_o_c.py", line 82, in collect
    self._set_size(size, 0, _x_0)
  File "/root/miniconda3/lib/python3.8/site-packages/torch_geometric/nn/conv/message_passing.py", line 259, in _set_size
    raise ValueError(
ValueError: Encountered tensor with size 4019 in dimension -2, but expected size 1.0.
